Building DAG of jobs...
Using shell: /usr/bin/bash
Provided cores: 1 (use --cores to define parallelism)
Rules claiming more threads will be scaled down.
Job stats:
job               count    min threads    max threads
--------------  -------  -------------  -------------
all                   1              1              1
minimap2              1              1              1
samtools_index        1              1              1
samtools_sort         1              1              1
total                 4              1              1

Select jobs to execute...

[Thu Sep 22 18:18:45 2022]
rule minimap2:
    input: ../../data/ten_species_community_refs.fa, ../../data/reads.fa
    output: mapped_reads/reads.bam
    jobid: 2
    wildcards: sample=reads
    resources: tmpdir=/tmp

[Thu Sep 22 18:19:18 2022]
Finished job 2.
1 of 4 steps (25%) done
Select jobs to execute...

[Thu Sep 22 18:19:18 2022]
rule samtools_sort:
    input: mapped_reads/reads.bam
    output: mapped_reads/reads.sorted.bam
    jobid: 1
    wildcards: sample=reads
    resources: tmpdir=/tmp

[Thu Sep 22 18:19:24 2022]
Finished job 1.
2 of 4 steps (50%) done
Select jobs to execute...

[Thu Sep 22 18:19:24 2022]
rule samtools_index:
    input: mapped_reads/reads.sorted.bam
    output: mapped_reads/reads.sorted.bam.bai
    jobid: 3
    wildcards: sample=reads
    resources: tmpdir=/tmp

[Thu Sep 22 18:19:25 2022]
Finished job 3.
3 of 4 steps (75%) done
Select jobs to execute...

[Thu Sep 22 18:19:25 2022]
localrule all:
    input: mapped_reads/reads.sorted.bam, mapped_reads/reads.sorted.bam.bai
    jobid: 0
    resources: tmpdir=/tmp

[Thu Sep 22 18:19:25 2022]
Finished job 0.
4 of 4 steps (100%) done
Complete log: /root/kasia-future-job/results/task3_snakemake/.snakemake/log/2022-09-22T181845.094345.snakemake.log
